exports[`Month view matches snapshot 1`] = `
<div
  className="Month">
  <div
    className="Label">
    <a>
      ◀
    </a>
    <h1>
      Mars 2017
    </h1>
    <a>
      ▶
    </a>
  </div>
  <div
    className="Calendar">
    <div
      className="Header">
      <div
        className="Weekday">
        Mon
      </div>
      <div
        className="Weekday">
        Tue
      </div>
      <div
        className="Weekday">
        Wed
      </div>
      <div
        className="Weekday">
        Thu
      </div>
      <div
        className="Weekday">
        Fri
      </div>
      <div
        className="Weekday">
        Sat
      </div>
      <div
        className="Weekday">
        Sun
      </div>
    </div>
    <div
      className="Week">
      <div
        className="Day">
        <p
          className="Date">
          27
        </p>
        <p
          className="WeekLabel">
          v9
        </p>
      </div>
      <div
        className="Day">
        <p
          className="Date">
          28
        </p>
        <p
          className="WeekLabel">
          v9
        </p>
      </div>
      <div
        className="Day Belongs">
        <p
          className="Date">
          1
        </p>
        <p
          className="WeekLabel">
          v9
        </p>
      </div>
      <div
        className="Day Belongs">
        <p
          className="Date">
          2
        </p>
        <p
          className="WeekLabel">
          v9
        </p>
      </div>
      <div
        className="Day Belongs">
        <p
          className="Date">
          3
        </p>
        <p
          className="WeekLabel">
          v9
        </p>
      </div>
      <div
        className="Day Belongs">
        <p
          className="Date">
          4
        </p>
        <p
          className="WeekLabel">
          v9
        </p>
      </div>
      <div
        className="Day Belongs">
        <p
          className="Date">
          5
        </p>
        <p
          className="WeekLabel">
          v9
        </p>
      </div>
    </div>
    <div
      className="Week">
      <div
        className="Day Belongs">
        <p
          className="Date">
          6
        </p>
        <p
          className="WeekLabel">
          v10
        </p>
      </div>
      <div
        className="Day Belongs">
        <p
          className="Date">
          7
        </p>
        <p
          className="WeekLabel">
          v10
        </p>
      </div>
      <div
        className="Day Belongs">
        <p
          className="Date">
          8
        </p>
        <p
          className="WeekLabel">
          v10
        </p>
      </div>
      <div
        className="Day Belongs">
        <p
          className="Date">
          9
        </p>
        <p
          className="WeekLabel">
          v10
        </p>
      </div>
      <div
        className="Day Belongs">
        <p
          className="Date">
          10
        </p>
        <p
          className="WeekLabel">
          v10
        </p>
      </div>
      <div
        className="Day Belongs">
        <p
          className="Date">
          11
        </p>
        <p
          className="WeekLabel">
          v10
        </p>
      </div>
      <div
        className="Day Belongs">
        <p
          className="Date">
          12
        </p>
        <p
          className="WeekLabel">
          v10
        </p>
      </div>
    </div>
    <div
      className="Week">
      <div
        className="Day Belongs">
        <p
          className="Date">
          13
        </p>
        <p
          className="WeekLabel">
          v11
        </p>
      </div>
      <div
        className="Day Belongs">
        <p
          className="Date">
          14
        </p>
        <p
          className="WeekLabel">
          v11
        </p>
      </div>
      <div
        className="Day Belongs">
        <p
          className="Date">
          15
        </p>
        <p
          className="WeekLabel">
          v11
        </p>
      </div>
      <div
        className="Day Belongs">
        <p
          className="Date">
          16
        </p>
        <p
          className="WeekLabel">
          v11
        </p>
      </div>
      <div
        className="Day Belongs">
        <p
          className="Date">
          17
        </p>
        <p
          className="WeekLabel">
          v11
        </p>
      </div>
      <div
        className="Day Belongs">
        <p
          className="Date">
          18
        </p>
        <p
          className="WeekLabel">
          v11
        </p>
      </div>
      <div
        className="Day Belongs">
        <p
          className="Date">
          19
        </p>
        <p
          className="WeekLabel">
          v11
        </p>
      </div>
    </div>
    <div
      className="Week">
      <div
        className="Day Belongs">
        <p
          className="Date">
          20
        </p>
        <p
          className="WeekLabel">
          v12
        </p>
      </div>
      <div
        className="Day Belongs">
        <p
          className="Date">
          21
        </p>
        <p
          className="WeekLabel">
          v12
        </p>
      </div>
      <div
        className="Day Belongs">
        <p
          className="Date">
          22
        </p>
        <p
          className="WeekLabel">
          v12
        </p>
      </div>
      <div
        className="Day Belongs">
        <p
          className="Date">
          23
        </p>
        <p
          className="WeekLabel">
          v12
        </p>
      </div>
      <div
        className="Day Belongs">
        <p
          className="Date">
          24
        </p>
        <p
          className="WeekLabel">
          v12
        </p>
      </div>
      <div
        className="Day Belongs">
        <p
          className="Date">
          25
        </p>
        <p
          className="WeekLabel">
          v12
        </p>
      </div>
      <div
        className="Day Belongs">
        <p
          className="Date">
          26
        </p>
        <p
          className="WeekLabel">
          v12
        </p>
      </div>
    </div>
    <div
      className="Week">
      <div
        className="Day Belongs">
        <p
          className="Date">
          27
        </p>
        <p
          className="WeekLabel">
          v13
        </p>
      </div>
      <div
        className="Day Belongs">
        <p
          className="Date">
          28
        </p>
        <p
          className="WeekLabel">
          v13
        </p>
      </div>
      <div
        className="Day Belongs">
        <p
          className="Date">
          29
        </p>
        <p
          className="WeekLabel">
          v13
        </p>
      </div>
      <div
        className="Day Belongs">
        <p
          className="Date">
          30
        </p>
        <p
          className="WeekLabel">
          v13
        </p>
      </div>
      <div
        className="Day Belongs">
        <p
          className="Date">
          31
        </p>
        <p
          className="WeekLabel">
          v13
        </p>
      </div>
      <div
        className="Day">
        <p
          className="Date">
          1
        </p>
        <p
          className="WeekLabel">
          v13
        </p>
      </div>
      <div
        className="Day">
        <p
          className="Date">
          2
        </p>
        <p
          className="WeekLabel">
          v13
        </p>
      </div>
    </div>
  </div>
</div>
`;
